// Jest Snapshot v1, https://goo.gl/fbAQLP

exports[`MovieDetailPage MovieDetail Snapshot should match the snapshot 1`] = `ShallowWrapper {}`;
