// Jest Snapshot v1, https://goo.gl/fbAQLP

exports[`SignUpFormContainer Match Snapshot should match the snapshot 1`] = `ShallowWrapper {}`;
